
> servinoa@0.1.0 build
> next build

Ôû▓ Next.js 16.2.2 (Turbopack)
- Environments: .env

  Creating an optimized production build ...
Ô£ô Compiled successfully in 6.9s
  Running TypeScript ...
  Finished TypeScript in 10.5s ...
  Collecting page data using 15 workers ...
  Generating static pages using 15 workers (0/34) ...
  Generating static pages using 15 workers (8/34) 
  Generating static pages using 15 workers (16/34) 
  Generating static pages using 15 workers (25/34) 
Ô£ô Generating static pages using 15 workers (34/34) in 929ms
  Finalizing page optimization ...

Route (app)
Ôöî Ôùï /
Ôö£ Ôùï /_not-found
Ôö£ ãÆ /api/accesorios
Ôö£ ãÆ /api/accesorios/[id]
Ôö£ ãÆ /api/auth/[...nextauth]
Ôö£ ãÆ /api/cajas
Ôö£ ãÆ /api/cajas/[id]
Ôö£ ãÆ /api/cajas/transferencias
Ôö£ ãÆ /api/cheques
Ôö£ ãÆ /api/clientes
Ôö£ ãÆ /api/clientes/[id]
Ôö£ ãÆ /api/cobranzas
Ôö£ ãÆ /api/cobranzas/[id]
Ôö£ ãÆ /api/dashboard/nota
Ôö£ ãÆ /api/equipos
Ôö£ ãÆ /api/gastos
Ôö£ ãÆ /api/gastos/[id]
Ôö£ ãÆ /api/ordenes
Ôö£ ãÆ /api/ordenes/[id]
Ôö£ ãÆ /api/ordenes/[id]/notas
Ôö£ ãÆ /api/presupuestos
Ôö£ ãÆ /api/presupuestos/[id]
Ôö£ ãÆ /api/presupuestos/[id]/items
Ôö£ ãÆ /api/proveedores
Ôö£ ãÆ /api/sugerencias
Ôö£ ãÆ /api/tareas
Ôö£ ãÆ /api/tareas/[id]
Ôö£ ãÆ /api/tecnicos
Ôö£ ãÆ /api/usuarios
Ôö£ ãÆ /api/usuarios/[id]
Ôö£ Ôùï /cajas
Ôö£ ãÆ /cajas/[id]
Ôö£ Ôùï /cajas/transferencias
Ôö£ Ôùï /cheques
Ôö£ Ôùï /clientes
Ôö£ ãÆ /clientes/[id]
Ôö£ Ôùï /cobranzas
Ôö£ Ôùï /configuracion
Ôö£ ãÆ /dashboard
Ôö£ Ôùï /gastos
Ôö£ Ôùï /login
Ôö£ Ôùï /ordenes
Ôö£ ãÆ /ordenes/[id]
Ôö£ Ôùï /ordenes/nueva
Ôö£ Ôùï /presupuestos
Ôö£ ãÆ /presupuestos/[id]
Ôö£ Ôùï /presupuestos/nuevo
Ôöö ãÆ /tareas


Ôùï  (Static)   prerendered as static content
ãÆ  (Dynamic)  server-rendered on demand

